// Jest Snapshot v1, https://goo.gl/fbAQLP

exports[`.writeSync(fd, buffer, offset, length, position) Write string to file 1`] = `
{
  "/foo": "test",
}
`;
